---
source: tests/config_test.rs
expression: normalized
---
AKM Config (<CONFIG_DIR>/config.toml)

  features                  = skills,artifacts
  registry.url              = https://github.com/rplsmn/skillfab.git
  artifacts.remote          = (not set)
  artifacts.dir             = (not set)
  artifacts.auto-push       = true
