---
source: tests/help_test.rs
expression: "String::from_utf8_lossy(&output.stdout).to_string()"
---
Agent Kit Manager — manage reusable LLM skills, artifacts, and instructions

Usage: akm [COMMAND]

Commands:
  setup         Interactive feature configuration
  config        View, get, or set configuration values
  sync          Sync all enabled domains
  update        Pull latest and re-install
  skills        Skills management
  artifacts     Artifact sync
  instructions  Global instruction management
  completions   Generate shell completion script
  help          Print this message or the help of the given subcommand(s)

Options:
  -h, --help     Print help
  -V, --version  Print version

Examples:
  akm setup                      # interactive feature configuration
  akm sync                       # sync all enabled features
  akm skills add vitest tdd      # add specs to project manifest
  akm skills load debugging      # load spec into active session
  akm skills list --type skill   # list all skills
  akm artifacts sync             # sync artifacts repo
  akm config artifacts.auto-push false
