---
source: tests/help_test.rs
expression: "String::from_utf8_lossy(&output.stdout).to_string()"
---
Show or reconcile which specs are globally mounted

Usage: akm skills core [OPTIONS]

Options:
      --adopt    Drop local overrides and follow the registry's defaults
      --publish  Promote this machine's core choices and push them to the registry
      --dry-run  Preview changes without applying
  -h, --help     Print help
  -V, --version  Print version
