---
source: tests/help_test.rs
expression: "String::from_utf8_lossy(&output.stdout).to_string()"
---
Skills management (defaults to `status` when no subcommand is given)

Usage: akm skills [COMMAND]

Commands:
  sync     Pull remote → cold library → rebuild symlinks
  add      Add spec(s) to project manifest
  remove   Remove spec(s) from project manifest
  list     Browse the library, or a shared registry
  search   Search library by keyword
  status   Full status overview
  shared   Manage shared registries interactively
  clean    Remove stale specs
  promote  Import local skill into cold storage
  import   Import a skill from a GitHub URL or a shared registry
  share    Offer a spec to a shared registry as a pull request
  edit     Edit a spec's markdown in $EDITOR
  rename   Rename a spec's id (its slug / directory name)
  delete   Delete a spec from the library (and the personal registry)
  publish  Publish spec to personal registry
  diff     Show what changed locally and in the registry for a spec
  revert   Discard local changes to a spec
  core     Show or reconcile which specs are globally mounted
  libgen   Regenerate library.json from disk
  help     Print this message or the help of the given subcommand(s)

Options:
  -h, --help     Print help
  -V, --version  Print version
